INFO - 2026-09-24 14:58:58 --> Session: Class initialized using 'CodeIgniter\Session\Handlers\FileHandler' driver.
INFO - 2026-09-24 14:58:58 --> Cart Class Initialized
INFO - 2026-09-24 14:58:59 --> Session: Class initialized using 'CodeIgniter\Session\Handlers\FileHandler' driver.
INFO - 2026-09-24 14:58:59 --> Cart Class Initialized
INFO - 2026-09-24 15:13:44 --> Session: Class initialized using 'CodeIgniter\Session\Handlers\FileHandler' driver.
INFO - 2026-09-24 15:13:44 --> Cart Class Initialized
INFO - 2026-09-24 15:13:46 --> Session: Class initialized using 'CodeIgniter\Session\Handlers\FileHandler' driver.
INFO - 2026-09-24 15:13:46 --> Session: Class initialized using 'CodeIgniter\Session\Handlers\FileHandler' driver.
INFO - 2026-09-24 15:13:46 --> Cart Class Initialized
INFO - 2026-09-24 15:13:47 --> Session: Class initialized using 'CodeIgniter\Session\Handlers\FileHandler' driver.
INFO - 2026-09-24 15:13:47 --> Cart Class Initialized
INFO - 2026-09-24 15:14:54 --> Session: Class initialized using 'CodeIgniter\Session\Handlers\FileHandler' driver.
INFO - 2026-09-24 15:14:54 --> Cart Class Initialized
INFO - 2026-09-24 15:15:13 --> Session: Class initialized using 'CodeIgniter\Session\Handlers\FileHandler' driver.
INFO - 2026-09-24 15:15:13 --> Cart Class Initialized
INFO - 2026-09-24 15:15:16 --> Session: Class initialized using 'CodeIgniter\Session\Handlers\FileHandler' driver.
INFO - 2026-09-24 15:15:16 --> Cart Class Initialized
INFO - 2026-09-24 15:15:17 --> Session: Class initialized using 'CodeIgniter\Session\Handlers\FileHandler' driver.
INFO - 2026-09-24 15:15:17 --> Cart Class Initialized
INFO - 2026-09-24 15:16:05 --> Session: Class initialized using 'CodeIgniter\Session\Handlers\FileHandler' driver.
INFO - 2026-09-24 15:16:05 --> Cart Class Initialized
INFO - 2026-09-24 15:16:07 --> Session: Class initialized using 'CodeIgniter\Session\Handlers\FileHandler' driver.
INFO - 2026-09-24 15:16:07 --> Cart Class Initialized
INFO - 2026-09-24 15:16:16 --> Session: Class initialized using 'CodeIgniter\Session\Handlers\FileHandler' driver.
INFO - 2026-09-24 15:16:16 --> Cart Class Initialized
INFO - 2026-09-24 15:17:34 --> Session: Class initialized using 'CodeIgniter\Session\Handlers\FileHandler' driver.
INFO - 2026-09-24 15:17:34 --> Session: Class initialized using 'CodeIgniter\Session\Handlers\FileHandler' driver.
INFO - 2026-09-24 15:17:34 --> Cart Class Initialized
INFO - 2026-09-24 15:17:48 --> Session: Class initialized using 'CodeIgniter\Session\Handlers\FileHandler' driver.
INFO - 2026-09-24 15:17:48 --> Cart Class Initialized
INFO - 2026-09-24 15:17:52 --> Session: Class initialized using 'CodeIgniter\Session\Handlers\FileHandler' driver.
INFO - 2026-09-24 15:17:52 --> Cart Class Initialized
INFO - 2026-09-24 15:18:27 --> Session: Class initialized using 'CodeIgniter\Session\Handlers\FileHandler' driver.
INFO - 2026-09-24 15:18:27 --> Cart Class Initialized
INFO - 2026-09-24 15:18:28 --> Session: Class initialized using 'CodeIgniter\Session\Handlers\FileHandler' driver.
INFO - 2026-09-24 15:18:28 --> Cart Class Initialized
INFO - 2026-09-24 15:18:45 --> Session: Class initialized using 'CodeIgniter\Session\Handlers\FileHandler' driver.
INFO - 2026-09-24 15:18:45 --> Cart Class Initialized
INFO - 2026-09-24 15:18:46 --> Session: Class initialized using 'CodeIgniter\Session\Handlers\FileHandler' driver.
INFO - 2026-09-24 15:18:46 --> Cart Class Initialized
INFO - 2026-09-24 15:19:06 --> Session: Class initialized using 'CodeIgniter\Session\Handlers\FileHandler' driver.
INFO - 2026-09-24 15:19:06 --> Cart Class Initialized
INFO - 2026-09-24 15:19:08 --> Session: Class initialized using 'CodeIgniter\Session\Handlers\FileHandler' driver.
INFO - 2026-09-24 15:19:08 --> Cart Class Initialized
INFO - 2026-09-24 15:19:14 --> Session: Class initialized using 'CodeIgniter\Session\Handlers\FileHandler' driver.
INFO - 2026-09-24 15:19:14 --> Cart Class Initialized
INFO - 2026-09-24 15:19:21 --> Session: Class initialized using 'CodeIgniter\Session\Handlers\FileHandler' driver.
INFO - 2026-09-24 15:19:21 --> Session: Class initialized using 'CodeIgniter\Session\Handlers\FileHandler' driver.
INFO - 2026-09-24 15:19:21 --> Cart Class Initialized
INFO - 2026-09-24 15:19:23 --> Session: Class initialized using 'CodeIgniter\Session\Handlers\FileHandler' driver.
INFO - 2026-09-24 15:19:23 --> Cart Class Initialized
INFO - 2026-09-24 15:19:29 --> Session: Class initialized using 'CodeIgniter\Session\Handlers\FileHandler' driver.
INFO - 2026-09-24 15:19:29 --> Session: Class initialized using 'CodeIgniter\Session\Handlers\FileHandler' driver.
INFO - 2026-09-24 15:19:29 --> Cart Class Initialized
INFO - 2026-09-24 15:19:31 --> Session: Class initialized using 'CodeIgniter\Session\Handlers\FileHandler' driver.
INFO - 2026-09-24 15:19:31 --> Cart Class Initialized
INFO - 2026-09-24 15:19:35 --> Session: Class initialized using 'CodeIgniter\Session\Handlers\FileHandler' driver.
ERROR - 2026-09-24 15:19:35 --> mysqli_sql_exception: Duplicate entry '0' for key 'PRIMARY' in D:\xampp\htdocs\proyecto_parras_alan\system\Database\MySQLi\Connection.php:295
Stack trace:
#0 D:\xampp\htdocs\proyecto_parras_alan\system\Database\MySQLi\Connection.php(295): mysqli->query('INSERT INTO `ma...', 0)
#1 D:\xampp\htdocs\proyecto_parras_alan\system\Database\BaseConnection.php(691): CodeIgniter\Database\MySQLi\Connection->execute('INSERT INTO `ma...')
#2 D:\xampp\htdocs\proyecto_parras_alan\system\Database\BaseConnection.php(605): CodeIgniter\Database\BaseConnection->simpleQuery('INSERT INTO `ma...')
#3 D:\xampp\htdocs\proyecto_parras_alan\system\Database\BaseBuilder.php(2309): CodeIgniter\Database\BaseConnection->query('INSERT INTO `ma...', Array, false)
#4 D:\xampp\htdocs\proyecto_parras_alan\system\Model.php(330): CodeIgniter\Database\BaseBuilder->insert()
#5 D:\xampp\htdocs\proyecto_parras_alan\system\BaseModel.php(782): CodeIgniter\Model->doInsert(Array)
#6 D:\xampp\htdocs\proyecto_parras_alan\system\Model.php(730): CodeIgniter\BaseModel->insert(Array, true)
#7 D:\xampp\htdocs\proyecto_parras_alan\app\Controllers\CrudMarcas.php(42): CodeIgniter\Model->insert(Array)
#8 D:\xampp\htdocs\proyecto_parras_alan\system\CodeIgniter.php(934): App\Controllers\CrudMarcas->create()
#9 D:\xampp\htdocs\proyecto_parras_alan\system\CodeIgniter.php(499): CodeIgniter\CodeIgniter->runController(Object(App\Controllers\CrudMarcas))
#10 D:\xampp\htdocs\proyecto_parras_alan\system\CodeIgniter.php(368): CodeIgniter\CodeIgniter->handleRequest(NULL, Object(Config\Cache), false)
#11 D:\xampp\htdocs\proyecto_parras_alan\index.php(68): CodeIgniter\CodeIgniter->run()
#12 {main}
CRITICAL - 2026-09-24 15:19:35 --> Duplicate entry '0' for key 'PRIMARY'
in SYSTEMPATH\Database\BaseConnection.php on line 645.
 1 SYSTEMPATH\Database\BaseBuilder.php(2309): CodeIgniter\Database\BaseConnection->query('INSERT INTO `marcas` (`nombre_marca`, `activo`) VALUES (:nombre_marca:, :activo:)', [...], false)
 2 SYSTEMPATH\Model.php(330): CodeIgniter\Database\BaseBuilder->insert()
 3 SYSTEMPATH\BaseModel.php(782): CodeIgniter\Model->doInsert([...])
 4 SYSTEMPATH\Model.php(730): CodeIgniter\BaseModel->insert([...], true)
 5 APPPATH\Controllers\CrudMarcas.php(42): CodeIgniter\Model->insert([...])
 6 SYSTEMPATH\CodeIgniter.php(934): App\Controllers\CrudMarcas->create()
 7 SYSTEMPATH\CodeIgniter.php(499): CodeIgniter\CodeIgniter->runController(Object(App\Controllers\CrudMarcas))
 8 SYSTEMPATH\CodeIgniter.php(368): CodeIgniter\CodeIgniter->handleRequest(null, Object(Config\Cache), false)
 9 FCPATH\index.php(68): CodeIgniter\CodeIgniter->run()
INFO - 2026-09-24 15:20:04 --> Session: Class initialized using 'CodeIgniter\Session\Handlers\FileHandler' driver.
INFO - 2026-09-24 15:20:04 --> Cart Class Initialized
INFO - 2026-09-24 15:20:10 --> Session: Class initialized using 'CodeIgniter\Session\Handlers\FileHandler' driver.
ERROR - 2026-09-24 15:20:10 --> mysqli_sql_exception: Duplicate entry '0' for key 'PRIMARY' in D:\xampp\htdocs\proyecto_parras_alan\system\Database\MySQLi\Connection.php:295
Stack trace:
#0 D:\xampp\htdocs\proyecto_parras_alan\system\Database\MySQLi\Connection.php(295): mysqli->query('INSERT INTO `ma...', 0)
#1 D:\xampp\htdocs\proyecto_parras_alan\system\Database\BaseConnection.php(691): CodeIgniter\Database\MySQLi\Connection->execute('INSERT INTO `ma...')
#2 D:\xampp\htdocs\proyecto_parras_alan\system\Database\BaseConnection.php(605): CodeIgniter\Database\BaseConnection->simpleQuery('INSERT INTO `ma...')
#3 D:\xampp\htdocs\proyecto_parras_alan\system\Database\BaseBuilder.php(2309): CodeIgniter\Database\BaseConnection->query('INSERT INTO `ma...', Array, false)
#4 D:\xampp\htdocs\proyecto_parras_alan\system\Model.php(330): CodeIgniter\Database\BaseBuilder->insert()
#5 D:\xampp\htdocs\proyecto_parras_alan\system\BaseModel.php(782): CodeIgniter\Model->doInsert(Array)
#6 D:\xampp\htdocs\proyecto_parras_alan\system\Model.php(730): CodeIgniter\BaseModel->insert(Array, true)
#7 D:\xampp\htdocs\proyecto_parras_alan\app\Controllers\CrudMarcas.php(42): CodeIgniter\Model->insert(Array)
#8 D:\xampp\htdocs\proyecto_parras_alan\system\CodeIgniter.php(934): App\Controllers\CrudMarcas->create()
#9 D:\xampp\htdocs\proyecto_parras_alan\system\CodeIgniter.php(499): CodeIgniter\CodeIgniter->runController(Object(App\Controllers\CrudMarcas))
#10 D:\xampp\htdocs\proyecto_parras_alan\system\CodeIgniter.php(368): CodeIgniter\CodeIgniter->handleRequest(NULL, Object(Config\Cache), false)
#11 D:\xampp\htdocs\proyecto_parras_alan\index.php(68): CodeIgniter\CodeIgniter->run()
#12 {main}
CRITICAL - 2026-09-24 15:20:10 --> Duplicate entry '0' for key 'PRIMARY'
in SYSTEMPATH\Database\BaseConnection.php on line 645.
 1 SYSTEMPATH\Database\BaseBuilder.php(2309): CodeIgniter\Database\BaseConnection->query('INSERT INTO `marcas` (`nombre_marca`, `activo`) VALUES (:nombre_marca:, :activo:)', [...], false)
 2 SYSTEMPATH\Model.php(330): CodeIgniter\Database\BaseBuilder->insert()
 3 SYSTEMPATH\BaseModel.php(782): CodeIgniter\Model->doInsert([...])
 4 SYSTEMPATH\Model.php(730): CodeIgniter\BaseModel->insert([...], true)
 5 APPPATH\Controllers\CrudMarcas.php(42): CodeIgniter\Model->insert([...])
 6 SYSTEMPATH\CodeIgniter.php(934): App\Controllers\CrudMarcas->create()
 7 SYSTEMPATH\CodeIgniter.php(499): CodeIgniter\CodeIgniter->runController(Object(App\Controllers\CrudMarcas))
 8 SYSTEMPATH\CodeIgniter.php(368): CodeIgniter\CodeIgniter->handleRequest(null, Object(Config\Cache), false)
 9 FCPATH\index.php(68): CodeIgniter\CodeIgniter->run()
INFO - 2026-09-24 15:20:11 --> Session: Class initialized using 'CodeIgniter\Session\Handlers\FileHandler' driver.
INFO - 2026-09-24 15:20:11 --> Cart Class Initialized
INFO - 2026-09-24 15:20:16 --> Session: Class initialized using 'CodeIgniter\Session\Handlers\FileHandler' driver.
INFO - 2026-09-24 15:20:16 --> Session: Class initialized using 'CodeIgniter\Session\Handlers\FileHandler' driver.
INFO - 2026-09-24 15:20:16 --> Cart Class Initialized
INFO - 2026-09-24 15:20:42 --> Session: Class initialized using 'CodeIgniter\Session\Handlers\FileHandler' driver.
INFO - 2026-09-24 15:20:42 --> Cart Class Initialized
INFO - 2026-09-24 15:20:47 --> Session: Class initialized using 'CodeIgniter\Session\Handlers\FileHandler' driver.
ERROR - 2026-09-24 15:20:47 --> mysqli_sql_exception: Duplicate entry '0' for key 'PRIMARY' in D:\xampp\htdocs\proyecto_parras_alan\system\Database\MySQLi\Connection.php:295
Stack trace:
#0 D:\xampp\htdocs\proyecto_parras_alan\system\Database\MySQLi\Connection.php(295): mysqli->query('INSERT INTO `ma...', 0)
#1 D:\xampp\htdocs\proyecto_parras_alan\system\Database\BaseConnection.php(691): CodeIgniter\Database\MySQLi\Connection->execute('INSERT INTO `ma...')
#2 D:\xampp\htdocs\proyecto_parras_alan\system\Database\BaseConnection.php(605): CodeIgniter\Database\BaseConnection->simpleQuery('INSERT INTO `ma...')
#3 D:\xampp\htdocs\proyecto_parras_alan\system\Database\BaseBuilder.php(2309): CodeIgniter\Database\BaseConnection->query('INSERT INTO `ma...', Array, false)
#4 D:\xampp\htdocs\proyecto_parras_alan\system\Model.php(330): CodeIgniter\Database\BaseBuilder->insert()
#5 D:\xampp\htdocs\proyecto_parras_alan\system\BaseModel.php(782): CodeIgniter\Model->doInsert(Array)
#6 D:\xampp\htdocs\proyecto_parras_alan\system\Model.php(730): CodeIgniter\BaseModel->insert(Array, true)
#7 D:\xampp\htdocs\proyecto_parras_alan\app\Controllers\CrudMarcas.php(42): CodeIgniter\Model->insert(Array)
#8 D:\xampp\htdocs\proyecto_parras_alan\system\CodeIgniter.php(934): App\Controllers\CrudMarcas->create()
#9 D:\xampp\htdocs\proyecto_parras_alan\system\CodeIgniter.php(499): CodeIgniter\CodeIgniter->runController(Object(App\Controllers\CrudMarcas))
#10 D:\xampp\htdocs\proyecto_parras_alan\system\CodeIgniter.php(368): CodeIgniter\CodeIgniter->handleRequest(NULL, Object(Config\Cache), false)
#11 D:\xampp\htdocs\proyecto_parras_alan\index.php(68): CodeIgniter\CodeIgniter->run()
#12 {main}
CRITICAL - 2026-09-24 15:20:47 --> Duplicate entry '0' for key 'PRIMARY'
in SYSTEMPATH\Database\BaseConnection.php on line 645.
 1 SYSTEMPATH\Database\BaseBuilder.php(2309): CodeIgniter\Database\BaseConnection->query('INSERT INTO `marcas` (`nombre_marca`, `activo`) VALUES (:nombre_marca:, :activo:)', [...], false)
 2 SYSTEMPATH\Model.php(330): CodeIgniter\Database\BaseBuilder->insert()
 3 SYSTEMPATH\BaseModel.php(782): CodeIgniter\Model->doInsert([...])
 4 SYSTEMPATH\Model.php(730): CodeIgniter\BaseModel->insert([...], true)
 5 APPPATH\Controllers\CrudMarcas.php(42): CodeIgniter\Model->insert([...])
 6 SYSTEMPATH\CodeIgniter.php(934): App\Controllers\CrudMarcas->create()
 7 SYSTEMPATH\CodeIgniter.php(499): CodeIgniter\CodeIgniter->runController(Object(App\Controllers\CrudMarcas))
 8 SYSTEMPATH\CodeIgniter.php(368): CodeIgniter\CodeIgniter->handleRequest(null, Object(Config\Cache), false)
 9 FCPATH\index.php(68): CodeIgniter\CodeIgniter->run()
INFO - 2026-09-24 15:21:10 --> Session: Class initialized using 'CodeIgniter\Session\Handlers\FileHandler' driver.
INFO - 2026-09-24 15:21:10 --> Cart Class Initialized
INFO - 2026-09-24 15:21:12 --> Session: Class initialized using 'CodeIgniter\Session\Handlers\FileHandler' driver.
INFO - 2026-09-24 15:21:12 --> Cart Class Initialized
INFO - 2026-09-24 15:21:14 --> Session: Class initialized using 'CodeIgniter\Session\Handlers\FileHandler' driver.
INFO - 2026-09-24 15:21:14 --> Cart Class Initialized
INFO - 2026-09-24 15:21:19 --> Session: Class initialized using 'CodeIgniter\Session\Handlers\FileHandler' driver.
INFO - 2026-09-24 15:21:19 --> Session: Class initialized using 'CodeIgniter\Session\Handlers\FileHandler' driver.
INFO - 2026-09-24 15:21:19 --> Cart Class Initialized
INFO - 2026-09-24 15:23:28 --> Session: Class initialized using 'CodeIgniter\Session\Handlers\FileHandler' driver.
INFO - 2026-09-24 15:23:28 --> Cart Class Initialized
INFO - 2026-09-24 15:29:05 --> Session: Class initialized using 'CodeIgniter\Session\Handlers\FileHandler' driver.
INFO - 2026-09-24 15:29:05 --> Cart Class Initialized
INFO - 2026-09-24 15:29:06 --> Session: Class initialized using 'CodeIgniter\Session\Handlers\FileHandler' driver.
INFO - 2026-09-24 15:29:06 --> Cart Class Initialized
INFO - 2026-09-24 15:29:10 --> Session: Class initialized using 'CodeIgniter\Session\Handlers\FileHandler' driver.
INFO - 2026-09-24 15:29:10 --> Session: Class initialized using 'CodeIgniter\Session\Handlers\FileHandler' driver.
INFO - 2026-09-24 15:29:11 --> Cart Class Initialized
INFO - 2026-09-24 15:29:15 --> Session: Class initialized using 'CodeIgniter\Session\Handlers\FileHandler' driver.
INFO - 2026-09-24 15:29:15 --> Cart Class Initialized
INFO - 2026-09-24 15:29:49 --> Session: Class initialized using 'CodeIgniter\Session\Handlers\FileHandler' driver.
INFO - 2026-09-24 15:29:50 --> Cart Class Initialized
INFO - 2026-09-24 15:29:51 --> Session: Class initialized using 'CodeIgniter\Session\Handlers\FileHandler' driver.
INFO - 2026-09-24 15:29:51 --> Cart Class Initialized
INFO - 2026-09-24 15:29:56 --> Session: Class initialized using 'CodeIgniter\Session\Handlers\FileHandler' driver.
INFO - 2026-09-24 15:29:56 --> Session: Class initialized using 'CodeIgniter\Session\Handlers\FileHandler' driver.
INFO - 2026-09-24 15:29:56 --> Cart Class Initialized
INFO - 2026-09-24 15:30:00 --> Session: Class initialized using 'CodeIgniter\Session\Handlers\FileHandler' driver.
INFO - 2026-09-24 15:30:00 --> Cart Class Initialized
INFO - 2026-09-24 15:30:05 --> Session: Class initialized using 'CodeIgniter\Session\Handlers\FileHandler' driver.
INFO - 2026-09-24 15:30:05 --> Session: Class initialized using 'CodeIgniter\Session\Handlers\FileHandler' driver.
INFO - 2026-09-24 15:30:05 --> Cart Class Initialized
INFO - 2026-09-24 15:30:19 --> Session: Class initialized using 'CodeIgniter\Session\Handlers\FileHandler' driver.
INFO - 2026-09-24 15:30:19 --> Cart Class Initialized
INFO - 2026-09-24 15:31:33 --> Session: Class initialized using 'CodeIgniter\Session\Handlers\FileHandler' driver.
INFO - 2026-09-24 15:31:33 --> Cart Class Initialized
INFO - 2026-09-24 15:31:37 --> Session: Class initialized using 'CodeIgniter\Session\Handlers\FileHandler' driver.
INFO - 2026-09-24 15:31:37 --> Cart Class Initialized
INFO - 2026-09-24 15:33:20 --> Session: Class initialized using 'CodeIgniter\Session\Handlers\FileHandler' driver.
INFO - 2026-09-24 15:33:20 --> Cart Class Initialized
INFO - 2026-09-24 15:34:09 --> Session: Class initialized using 'CodeIgniter\Session\Handlers\FileHandler' driver.
INFO - 2026-09-24 15:34:09 --> Cart Class Initialized
INFO - 2026-09-24 15:34:10 --> Session: Class initialized using 'CodeIgniter\Session\Handlers\FileHandler' driver.
INFO - 2026-09-24 15:34:10 --> Cart Class Initialized
INFO - 2026-09-24 15:34:12 --> Session: Class initialized using 'CodeIgniter\Session\Handlers\FileHandler' driver.
INFO - 2026-09-24 15:34:12 --> Cart Class Initialized
INFO - 2026-09-24 15:35:14 --> Session: Class initialized using 'CodeIgniter\Session\Handlers\FileHandler' driver.
INFO - 2026-09-24 15:35:14 --> Cart Class Initialized
INFO - 2026-09-24 15:35:17 --> Session: Class initialized using 'CodeIgniter\Session\Handlers\FileHandler' driver.
INFO - 2026-09-24 15:35:17 --> Cart Class Initialized
INFO - 2026-09-24 15:35:18 --> Session: Class initialized using 'CodeIgniter\Session\Handlers\FileHandler' driver.
INFO - 2026-09-24 15:35:18 --> Cart Class Initialized
INFO - 2026-09-24 15:35:20 --> Session: Class initialized using 'CodeIgniter\Session\Handlers\FileHandler' driver.
INFO - 2026-09-24 15:35:20 --> Cart Class Initialized
INFO - 2026-09-24 15:35:24 --> Session: Class initialized using 'CodeIgniter\Session\Handlers\FileHandler' driver.
INFO - 2026-09-24 15:35:24 --> Cart Class Initialized
INFO - 2026-09-24 15:35:26 --> Session: Class initialized using 'CodeIgniter\Session\Handlers\FileHandler' driver.
INFO - 2026-09-24 15:35:26 --> Cart Class Initialized
INFO - 2026-09-24 15:36:16 --> Session: Class initialized using 'CodeIgniter\Session\Handlers\FileHandler' driver.
INFO - 2026-09-24 15:36:16 --> Cart Class Initialized
INFO - 2026-09-24 15:36:19 --> Session: Class initialized using 'CodeIgniter\Session\Handlers\FileHandler' driver.
INFO - 2026-09-24 15:36:19 --> Cart Class Initialized
INFO - 2026-09-24 15:36:20 --> Session: Class initialized using 'CodeIgniter\Session\Handlers\FileHandler' driver.
INFO - 2026-09-24 15:36:20 --> Cart Class Initialized
INFO - 2026-09-24 15:36:27 --> Session: Class initialized using 'CodeIgniter\Session\Handlers\FileHandler' driver.
INFO - 2026-09-24 15:36:27 --> Cart Class Initialized
INFO - 2026-09-24 15:37:23 --> Session: Class initialized using 'CodeIgniter\Session\Handlers\FileHandler' driver.
INFO - 2026-09-24 15:37:23 --> Cart Class Initialized
INFO - 2026-09-24 15:37:26 --> Session: Class initialized using 'CodeIgniter\Session\Handlers\FileHandler' driver.
INFO - 2026-09-24 15:37:26 --> Cart Class Initialized
INFO - 2026-09-24 15:37:31 --> Session: Class initialized using 'CodeIgniter\Session\Handlers\FileHandler' driver.
INFO - 2026-09-24 15:37:31 --> Cart Class Initialized
INFO - 2026-09-24 15:37:32 --> Session: Class initialized using 'CodeIgniter\Session\Handlers\FileHandler' driver.
INFO - 2026-09-24 15:37:32 --> Cart Class Initialized
INFO - 2026-09-24 15:37:35 --> Session: Class initialized using 'CodeIgniter\Session\Handlers\FileHandler' driver.
INFO - 2026-09-24 15:37:35 --> Cart Class Initialized
INFO - 2026-09-24 15:37:48 --> Session: Class initialized using 'CodeIgniter\Session\Handlers\FileHandler' driver.
INFO - 2026-09-24 15:37:49 --> Session: Class initialized using 'CodeIgniter\Session\Handlers\FileHandler' driver.
INFO - 2026-09-24 15:37:49 --> Cart Class Initialized
INFO - 2026-09-24 15:39:18 --> Session: Class initialized using 'CodeIgniter\Session\Handlers\FileHandler' driver.
INFO - 2026-09-24 15:39:18 --> Cart Class Initialized
INFO - 2026-09-24 15:39:20 --> Session: Class initialized using 'CodeIgniter\Session\Handlers\FileHandler' driver.
INFO - 2026-09-24 15:39:20 --> Cart Class Initialized
INFO - 2026-09-24 15:39:26 --> Session: Class initialized using 'CodeIgniter\Session\Handlers\FileHandler' driver.
INFO - 2026-09-24 15:39:26 --> Session: Class initialized using 'CodeIgniter\Session\Handlers\FileHandler' driver.
INFO - 2026-09-24 15:39:26 --> Cart Class Initialized
INFO - 2026-09-24 15:39:29 --> Session: Class initialized using 'CodeIgniter\Session\Handlers\FileHandler' driver.
INFO - 2026-09-24 15:39:29 --> Session: Class initialized using 'CodeIgniter\Session\Handlers\FileHandler' driver.
INFO - 2026-09-24 15:39:29 --> Cart Class Initialized
INFO - 2026-09-24 15:39:33 --> Session: Class initialized using 'CodeIgniter\Session\Handlers\FileHandler' driver.
INFO - 2026-09-24 15:39:33 --> Cart Class Initialized
INFO - 2026-09-24 15:39:34 --> Session: Class initialized using 'CodeIgniter\Session\Handlers\FileHandler' driver.
INFO - 2026-09-24 15:39:34 --> Cart Class Initialized
INFO - 2026-09-24 15:39:39 --> Session: Class initialized using 'CodeIgniter\Session\Handlers\FileHandler' driver.
INFO - 2026-09-24 15:39:39 --> Session: Class initialized using 'CodeIgniter\Session\Handlers\FileHandler' driver.
INFO - 2026-09-24 15:39:40 --> Cart Class Initialized
INFO - 2026-09-24 15:39:42 --> Session: Class initialized using 'CodeIgniter\Session\Handlers\FileHandler' driver.
INFO - 2026-09-24 15:39:42 --> Cart Class Initialized
INFO - 2026-09-24 15:39:48 --> Session: Class initialized using 'CodeIgniter\Session\Handlers\FileHandler' driver.
INFO - 2026-09-24 15:39:48 --> Session: Class initialized using 'CodeIgniter\Session\Handlers\FileHandler' driver.
INFO - 2026-09-24 15:39:48 --> Cart Class Initialized
INFO - 2026-09-24 15:40:07 --> Session: Class initialized using 'CodeIgniter\Session\Handlers\FileHandler' driver.
INFO - 2026-09-24 15:40:07 --> Cart Class Initialized
