CRITICAL - 2024-04-22 21:25:36 --> Invalid file: "pruebas/prueba.php"
in SYSTEMPATH\Exceptions\FrameworkException.php on line 33.
 1 SYSTEMPATH\View\View.php(201): CodeIgniter\Exceptions\FrameworkException::forInvalidFile('FCPATH\\pruebas\\prueba.php')
 2 SYSTEMPATH\Common.php(1184): CodeIgniter\View\View->render('pruebas/prueba', [], true)
 3 APPPATH\Controllers\Prueba.php(10): view('pruebas/prueba', [...])
 4 SYSTEMPATH\CodeIgniter.php(934): App\Controllers\Prueba->index()
 5 SYSTEMPATH\CodeIgniter.php(499): CodeIgniter\CodeIgniter->runController(Object(App\Controllers\Prueba))
 6 SYSTEMPATH\CodeIgniter.php(368): CodeIgniter\CodeIgniter->handleRequest(null, Object(Config\Cache), false)
 7 FCPATH\index.php(68): CodeIgniter\CodeIgniter->run()
CRITICAL - 2024-04-22 21:28:06 --> Invalid file: "../pruebas/prueba.php"
in SYSTEMPATH\Exceptions\FrameworkException.php on line 33.
 1 SYSTEMPATH\View\View.php(201): CodeIgniter\Exceptions\FrameworkException::forInvalidFile('../pruebas/prueba.php')
 2 SYSTEMPATH\Common.php(1184): CodeIgniter\View\View->render('../pruebas/prueba', [], true)
 3 APPPATH\Controllers\Prueba.php(10): view('../pruebas/prueba', [...])
 4 SYSTEMPATH\CodeIgniter.php(934): App\Controllers\Prueba->index()
 5 SYSTEMPATH\CodeIgniter.php(499): CodeIgniter\CodeIgniter->runController(Object(App\Controllers\Prueba))
 6 SYSTEMPATH\CodeIgniter.php(368): CodeIgniter\CodeIgniter->handleRequest(null, Object(Config\Cache), false)
 7 FCPATH\index.php(68): CodeIgniter\CodeIgniter->run()
CRITICAL - 2024-04-22 21:28:16 --> Call to undefined method CodeIgniter\View\View::extends()
in APPPATH\Views\pruebas\prueba.php on line 1.
 1 SYSTEMPATH\View\View.php(213): include()
 2 SYSTEMPATH\View\View.php(216): CodeIgniter\View\View->CodeIgniter\View\{closure}()
 3 SYSTEMPATH\Common.php(1184): CodeIgniter\View\View->render('pruebas/prueba', [], true)
 4 APPPATH\Controllers\Prueba.php(10): view('pruebas/prueba', [...])
 5 SYSTEMPATH\CodeIgniter.php(934): App\Controllers\Prueba->index()
 6 SYSTEMPATH\CodeIgniter.php(499): CodeIgniter\CodeIgniter->runController(Object(App\Controllers\Prueba))
 7 SYSTEMPATH\CodeIgniter.php(368): CodeIgniter\CodeIgniter->handleRequest(null, Object(Config\Cache), false)
 8 FCPATH\index.php(68): CodeIgniter\CodeIgniter->run()
CRITICAL - 2024-04-22 21:28:38 --> Call to undefined method CodeIgniter\View\View::extends()
in APPPATH\Views\pruebas\prueba.php on line 1.
 1 SYSTEMPATH\View\View.php(213): include()
 2 SYSTEMPATH\View\View.php(216): CodeIgniter\View\View->CodeIgniter\View\{closure}()
 3 SYSTEMPATH\Common.php(1184): CodeIgniter\View\View->render('pruebas/prueba', [], true)
 4 APPPATH\Controllers\Prueba.php(10): view('pruebas/prueba', [...])
 5 SYSTEMPATH\CodeIgniter.php(934): App\Controllers\Prueba->index()
 6 SYSTEMPATH\CodeIgniter.php(499): CodeIgniter\CodeIgniter->runController(Object(App\Controllers\Prueba))
 7 SYSTEMPATH\CodeIgniter.php(368): CodeIgniter\CodeIgniter->handleRequest(null, Object(Config\Cache), false)
 8 FCPATH\index.php(68): CodeIgniter\CodeIgniter->run()
CRITICAL - 2024-04-22 21:30:05 --> Call to undefined method CodeIgniter\View\View::extends()
in APPPATH\Views\pruebas\prueba.php on line 1.
 1 SYSTEMPATH\View\View.php(213): include()
 2 SYSTEMPATH\View\View.php(216): CodeIgniter\View\View->CodeIgniter\View\{closure}()
 3 SYSTEMPATH\Common.php(1184): CodeIgniter\View\View->render('pruebas/prueba', [], true)
 4 APPPATH\Controllers\Prueba.php(10): view('pruebas/prueba', [...])
 5 SYSTEMPATH\CodeIgniter.php(934): App\Controllers\Prueba->index()
 6 SYSTEMPATH\CodeIgniter.php(499): CodeIgniter\CodeIgniter->runController(Object(App\Controllers\Prueba))
 7 SYSTEMPATH\CodeIgniter.php(368): CodeIgniter\CodeIgniter->handleRequest(null, Object(Config\Cache), false)
 8 FCPATH\index.php(68): CodeIgniter\CodeIgniter->run()
CRITICAL - 2024-04-22 21:30:12 --> Call to undefined method CodeIgniter\View\View::extends()
in APPPATH\Views\pruebas\prueba.php on line 1.
 1 SYSTEMPATH\View\View.php(213): include()
 2 SYSTEMPATH\View\View.php(216): CodeIgniter\View\View->CodeIgniter\View\{closure}()
 3 SYSTEMPATH\Common.php(1184): CodeIgniter\View\View->render('pruebas/prueba', [], true)
 4 APPPATH\Controllers\Prueba.php(10): view('pruebas/prueba', [...])
 5 SYSTEMPATH\CodeIgniter.php(934): App\Controllers\Prueba->index()
 6 SYSTEMPATH\CodeIgniter.php(499): CodeIgniter\CodeIgniter->runController(Object(App\Controllers\Prueba))
 7 SYSTEMPATH\CodeIgniter.php(368): CodeIgniter\CodeIgniter->handleRequest(null, Object(Config\Cache), false)
 8 FCPATH\index.php(68): CodeIgniter\CodeIgniter->run()
CRITICAL - 2024-04-22 21:32:02 --> Invalid file: "plantilla/layout.php"
in SYSTEMPATH\Exceptions\FrameworkException.php on line 33.
 1 SYSTEMPATH\View\View.php(201): CodeIgniter\Exceptions\FrameworkException::forInvalidFile('plantilla/layout.php')
 2 SYSTEMPATH\View\View.php(229): CodeIgniter\View\View->render('plantilla/layout', [], true)
 3 SYSTEMPATH\Common.php(1184): CodeIgniter\View\View->render('pruebas/prueba', [], true)
 4 APPPATH\Controllers\Prueba.php(10): view('pruebas/prueba', [...])
 5 SYSTEMPATH\CodeIgniter.php(934): App\Controllers\Prueba->index()
 6 SYSTEMPATH\CodeIgniter.php(499): CodeIgniter\CodeIgniter->runController(Object(App\Controllers\Prueba))
 7 SYSTEMPATH\CodeIgniter.php(368): CodeIgniter\CodeIgniter->handleRequest(null, Object(Config\Cache), false)
 8 FCPATH\index.php(68): CodeIgniter\CodeIgniter->run()
CRITICAL - 2024-04-22 21:34:30 --> Invalid file: "plantilla/layout.php"
in SYSTEMPATH\Exceptions\FrameworkException.php on line 33.
 1 SYSTEMPATH\View\View.php(201): CodeIgniter\Exceptions\FrameworkException::forInvalidFile('plantilla/layout.php')
 2 SYSTEMPATH\View\View.php(229): CodeIgniter\View\View->render('plantilla/layout', [], true)
 3 SYSTEMPATH\Common.php(1184): CodeIgniter\View\View->render('pruebas/prueba', [], true)
 4 APPPATH\Controllers\Prueba.php(10): view('pruebas/prueba', [...])
 5 SYSTEMPATH\CodeIgniter.php(934): App\Controllers\Prueba->index()
 6 SYSTEMPATH\CodeIgniter.php(499): CodeIgniter\CodeIgniter->runController(Object(App\Controllers\Prueba))
 7 SYSTEMPATH\CodeIgniter.php(368): CodeIgniter\CodeIgniter->handleRequest(null, Object(Config\Cache), false)
 8 FCPATH\index.php(68): CodeIgniter\CodeIgniter->run()
CRITICAL - 2024-04-22 21:34:30 --> Invalid file: "plantilla/layout.php"
in SYSTEMPATH\Exceptions\FrameworkException.php on line 33.
 1 SYSTEMPATH\View\View.php(201): CodeIgniter\Exceptions\FrameworkException::forInvalidFile('plantilla/layout.php')
 2 SYSTEMPATH\View\View.php(229): CodeIgniter\View\View->render('plantilla/layout', [], true)
 3 SYSTEMPATH\Common.php(1184): CodeIgniter\View\View->render('pruebas/prueba', [], true)
 4 APPPATH\Controllers\Prueba.php(10): view('pruebas/prueba', [...])
 5 SYSTEMPATH\CodeIgniter.php(934): App\Controllers\Prueba->index()
 6 SYSTEMPATH\CodeIgniter.php(499): CodeIgniter\CodeIgniter->runController(Object(App\Controllers\Prueba))
 7 SYSTEMPATH\CodeIgniter.php(368): CodeIgniter\CodeIgniter->handleRequest(null, Object(Config\Cache), false)
 8 FCPATH\index.php(68): CodeIgniter\CodeIgniter->run()
CRITICAL - 2024-04-22 21:34:31 --> Invalid file: "plantilla/layout.php"
in SYSTEMPATH\Exceptions\FrameworkException.php on line 33.
 1 SYSTEMPATH\View\View.php(201): CodeIgniter\Exceptions\FrameworkException::forInvalidFile('plantilla/layout.php')
 2 SYSTEMPATH\View\View.php(229): CodeIgniter\View\View->render('plantilla/layout', [], true)
 3 SYSTEMPATH\Common.php(1184): CodeIgniter\View\View->render('pruebas/prueba', [], true)
 4 APPPATH\Controllers\Prueba.php(10): view('pruebas/prueba', [...])
 5 SYSTEMPATH\CodeIgniter.php(934): App\Controllers\Prueba->index()
 6 SYSTEMPATH\CodeIgniter.php(499): CodeIgniter\CodeIgniter->runController(Object(App\Controllers\Prueba))
 7 SYSTEMPATH\CodeIgniter.php(368): CodeIgniter\CodeIgniter->handleRequest(null, Object(Config\Cache), false)
 8 FCPATH\index.php(68): CodeIgniter\CodeIgniter->run()
